# 210521_lvm

## Device for PV [PV UUID] not found or rejected by a filter

에러 확인

``` bash
> $ sudo lvscan
  WARNING: Device for PV mSTSYd-IKqq-S22F-I2MK-WQNk-nYOT-p0xDdO not found or rejected by a filter.
  ACTIVE            '/dev/vg_ee398b8c8b03ce6e6f63c2e97a3078e8/tp_e6a46651d84bcfdd4cfb58d17615eb8e' [2.00 GiB] inherit
  inactive          '/dev/vg_ee398b8c8b03ce6e6f63c2e97a3078e8/brick_e70d38f31f868daffa551a961d03b331' [2.00 GiB] inherit
  WARNING: Device for PV G9wtt3-R0av-qiiB-jV7D-MUr0-LQvu-swxJnE not found or rejected by a filter.
  ACTIVE            '/dev/vg_dff640ddae9953268f632cb622d16a96/tp_3c285659c2e36ac489fb921ae5507f82' [2.00 GiB] inherit
  ACTIVE            '/dev/vg_dff640ddae9953268f632cb622d16a96/brick_1b5a49c029a0b0b7238022f8adc6eb91' [2.00 GiB] inherit
  ACTIVE            '/dev/ubuntu-vg/ubuntu-lv' [<99.00 GiB] inherit
```

에러 제거

``` bash
> $ sudo pvscan --cache
  /dev/disk/by-id/dm-name-vg_dff640ddae9953268f632cb622d16a96-brick_1b5a49c029a0b0b7238022f8adc6eb91: read failed after 0 of 4096 at 0: Input/output error
  /dev/disk/by-id/dm-name-vg_dff640ddae9953268f632cb622d16a96-brick_1b5a49c029a0b0b7238022f8adc6eb91: read failed after 0 of 4096 at 2147418112: Input/output er
ror
  /dev/disk/by-id/dm-name-vg_dff640ddae9953268f632cb622d16a96-brick_1b5a49c029a0b0b7238022f8adc6eb91: read failed after 0 of 4096 at 2147475456: Input/output er
ror
  /dev/disk/by-id/dm-name-vg_dff640ddae9953268f632cb622d16a96-brick_1b5a49c029a0b0b7238022f8adc6eb91: read failed after 0 of 4096 at 4096: Input/output error

> $ sudo pvscan
  /dev/disk/by-id/dm-name-vg_dff640ddae9953268f632cb622d16a96-brick_1b5a49c029a0b0b7238022f8adc6eb91: read failed after 0 of 4096 at 0: Input/output error
  /dev/disk/by-id/dm-name-vg_dff640ddae9953268f632cb622d16a96-brick_1b5a49c029a0b0b7238022f8adc6eb91: read failed after 0 of 4096 at 2147418112: Input/output er
ror
  /dev/disk/by-id/dm-name-vg_dff640ddae9953268f632cb622d16a96-brick_1b5a49c029a0b0b7238022f8adc6eb91: read failed after 0 of 4096 at 2147475456: Input/output er
ror
  /dev/disk/by-id/dm-name-vg_dff640ddae9953268f632cb622d16a96-brick_1b5a49c029a0b0b7238022f8adc6eb91: read failed after 0 of 4096 at 4096: Input/output error
  PV /dev/sda3   VG ubuntu-vg       lvm2 [<99.00 GiB / 0    free]
  Total: 1 [<99.00 GiB] / in use: 1 [<99.00 GiB] / in no VG: 0 [0   ]
```

## read failed after 0 of 4096 at 0: Input/output error

에러 확인

``` bash
> $ sudo pvdisplay
  /dev/disk/by-id/dm-name-vg_dff640ddae9953268f632cb622d16a96-brick_1b5a49c029a0b0b7238022f8adc6eb91: read failed after 0 of 4096 at 0: Input/output error
  /dev/disk/by-id/dm-name-vg_dff640ddae9953268f632cb622d16a96-brick_1b5a49c029a0b0b7238022f8adc6eb91: read failed after 0 of 4096 at 2147418112: Input/output er
ror
  /dev/disk/by-id/dm-name-vg_dff640ddae9953268f632cb622d16a96-brick_1b5a49c029a0b0b7238022f8adc6eb91: read failed after 0 of 4096 at 2147475456: Input/output er
ror
  /dev/disk/by-id/dm-name-vg_dff640ddae9953268f632cb622d16a96-brick_1b5a49c029a0b0b7238022f8adc6eb91: read failed after 0 of 4096 at 4096: Input/output error
  --- Physical volume ---
  PV Name               /dev/sda3
  VG Name               ubuntu-vg
  PV Size               <99.00 GiB / not usable 0
  Allocatable           yes (but full)
  PE Size               4.00 MiB
  Total PE              25343
  Free PE               0
  Allocated PE          25343
  PV UUID               Kze8E2-NMup-1gCp-HtLL-6IK1-s0UY-Ofq1Jn
```

에러 제거

``` bash
> $ sudo dmsetup remove /dev/disk/by-id/dm-name-vg_dff640ddae9953268f632cb622d16a96-brick_1b5a49c029a0b0b7238022f8adc6eb91
```

- `dmsetup remove <pvdisplay 시에 나오는 pv 경로>`

확인

``` bash
> $ sudo pvdisplay
  --- Physical volume ---
  PV Name               /dev/sda3
  VG Name               ubuntu-vg
  PV Size               <99.00 GiB / not usable 0
  Allocatable           yes (but full)
  PE Size               4.00 MiB
  Total PE              25343
  Free PE               0
  Allocated PE          25343
  PV UUID               Kze8E2-NMup-1gCp-HtLL-6IK1-s0UY-Ofq1Jn
```

## 참고

- [블로그 - LVM 에러 해결](https://hiseon.me/linux/lvm-configuration/)